// Jest Snapshot v1, https://goo.gl/fbAQLP

exports[`Test AssetsSummaryPieChart component 1`] = `
<div
  style={
    Object {
      "height": "inherit",
    }
  }
/>
`;
